// Vitest Snapshot v1, https://vitest.dev/guide/snapshot.html

exports[`SignUpForm > renders form fields 1`] = `
<div>
  <form
    class="space-y-8"
  >
    <div
      class="space-y-2"
    >
      <label
        class="text-sm font-medium leading-none peer-disabled:cursor-not-allowed peer-disabled:opacity-70"
        for=":r0:-form-item"
      >
        Your firstname
      </label>
      <input
        aria-describedby=":r0:-form-item-description"
        aria-invalid="false"
        class="flex h-9 w-full rounded-md border border-input bg-transparent px-3 py-1 text-sm shadow-sm transition-colors file:border-0 file:bg-transparent file:text-sm file:font-medium placeholder:text-muted-foreground focus-visible:outline-none focus-visible:ring-1 focus-visible:ring-ring disabled:cursor-not-allowed disabled:opacity-50"
        data-testid="firstName-input"
        id=":r0:-form-item"
        name="firstName"
        placeholder="Jhon"
        value=""
      />
    </div>
    <div
      class="space-y-2"
    >
      <label
        class="text-sm font-medium leading-none peer-disabled:cursor-not-allowed peer-disabled:opacity-70"
        for=":r1:-form-item"
      >
        Your lastname
      </label>
      <input
        aria-describedby=":r1:-form-item-description"
        aria-invalid="false"
        class="flex h-9 w-full rounded-md border border-input bg-transparent px-3 py-1 text-sm shadow-sm transition-colors file:border-0 file:bg-transparent file:text-sm file:font-medium placeholder:text-muted-foreground focus-visible:outline-none focus-visible:ring-1 focus-visible:ring-ring disabled:cursor-not-allowed disabled:opacity-50"
        data-testid="lastName-input"
        id=":r1:-form-item"
        name="lastName"
        placeholder="Doe"
        value=""
      />
    </div>
    <div
      class="space-y-2"
    >
      <label
        class="text-sm font-medium leading-none peer-disabled:cursor-not-allowed peer-disabled:opacity-70"
        for=":r2:-form-item"
      >
        E-mail
      </label>
      <input
        aria-describedby=":r2:-form-item-description"
        aria-invalid="false"
        class="flex h-9 w-full rounded-md border border-input bg-transparent px-3 py-1 text-sm shadow-sm transition-colors file:border-0 file:bg-transparent file:text-sm file:font-medium placeholder:text-muted-foreground focus-visible:outline-none focus-visible:ring-1 focus-visible:ring-ring disabled:cursor-not-allowed disabled:opacity-50"
        data-testid="email-input"
        id=":r2:-form-item"
        name="email"
        placeholder="E-mail"
        value=""
      />
      <p
        class="text-[0.8rem] text-muted-foreground"
        id=":r2:-form-item-description"
      >
        Your best email
      </p>
    </div>
    <div
      class="space-y-2"
    >
      <label
        class="text-sm font-medium leading-none peer-disabled:cursor-not-allowed peer-disabled:opacity-70"
        for=":r3:-form-item"
      >
        Password
      </label>
      <input
        aria-describedby=":r3:-form-item-description"
        aria-invalid="false"
        class="flex h-9 w-full rounded-md border border-input bg-transparent px-3 py-1 text-sm shadow-sm transition-colors file:border-0 file:bg-transparent file:text-sm file:font-medium placeholder:text-muted-foreground focus-visible:outline-none focus-visible:ring-1 focus-visible:ring-ring disabled:cursor-not-allowed disabled:opacity-50"
        data-testid="password-input"
        id=":r3:-form-item"
        name="password"
        placeholder="Password"
        type="password"
        value=""
      />
      <p
        class="text-[0.8rem] text-muted-foreground"
        id=":r3:-form-item-description"
      >
        Your best password
      </p>
    </div>
    <div
      class="flex flex-row items-start space-x-3 space-y-0 rounded-md border p-4 shadow"
    >
      <button
        aria-checked="false"
        aria-describedby=":r4:-form-item-description"
        aria-invalid="false"
        class="peer h-4 w-4 shrink-0 rounded-sm border border-primary shadow focus-visible:outline-none focus-visible:ring-1 focus-visible:ring-ring disabled:cursor-not-allowed disabled:opacity-50 data-[state=checked]:bg-primary data-[state=checked]:text-primary-foreground"
        data-state="unchecked"
        id=":r4:-form-item"
        role="checkbox"
        type="button"
        value="on"
      />
      <input
        aria-hidden="true"
        style="transform: translateX(-100%); position: absolute; pointer-events: none; opacity: 0; margin: 0px; width: 0px; height: 0px;"
        tabindex="-1"
        type="checkbox"
        value="on"
      />
      <label
        class="text-sm font-medium leading-none peer-disabled:cursor-not-allowed peer-disabled:opacity-70"
        for=":r4:-form-item"
      >
        I agree with the Terms and Conditions and the Privacy Policy
      </label>
    </div>
    <button
      class="inline-flex items-center justify-center whitespace-nowrap rounded-md text-sm font-medium transition-colors focus-visible:outline-none focus-visible:ring-1 focus-visible:ring-ring disabled:pointer-events-none disabled:opacity-50 bg-primary text-primary-foreground shadow hover:bg-primary/90 h-9 px-4 py-2 mt-2 w-full"
      data-testid="sign-up-button"
      role="button"
      type="submit"
    >
      Create Account
    </button>
  </form>
</div>
`;
